C:\kitaqgb_project\publish\github_20260912\kitaqfc\lib\entity.c (line 14, column 17) warning KQ2411: mixing __safe_index with other types in '$less_than': uint8 vs uint8; cast explicitly to silence
      while (i < ENTITY_MAX) {
                  ^
C:\kitaqgb_project\publish\github_20260912\kitaqfc\lib\entity.c (line 32, column 17) warning KQ2411: mixing __safe_index with other types in '$less_than': uint8 vs uint8; cast explicitly to silence
      while (i < ENTITY_MAX) {
                  ^
C:\kitaqgb_project\publish\github_20260912\kitaqfc\lib\entity.c (line 53, column 37) warning KQ2410: array index '__t8_0' has type uint8 which is not __safe_index; consider '__safe_index' or cast explicitly to silence
      entity_pool[(__safe_index u8)id].active = 0;
                                      ^
C:\kitaqgb_project\publish\github_20260912\kitaqfc\lib\entity.c (line 59, column 41) warning KQ2410: array index '__t8_0' has type uint8 which is not __safe_index; consider '__safe_index' or cast explicitly to silence
      if (entity_pool[(__safe_index u8)id].active == 0) return 0;
                                          ^
C:\kitaqgb_project\publish\github_20260912\kitaqfc\lib\entity.c (line 60, column 45) warning KQ2410: array index '__t8_0' has type uint8 which is not __safe_index; consider '__safe_index' or cast explicitly to silence
      return &entity_pool[(__safe_index u8)id];
                                              ^
C:\kitaqgb_project\publish\github_20260912\kitaqfc\lib\entity.c (line 79, column 17) warning KQ2411: mixing __safe_index with other types in '$less_than': uint8 vs uint8; cast explicitly to silence
      while (i < ENTITY_MAX) {
                  ^
C:\kitaqgb_project\publish\github_20260912\kitaqfc\lib\entity.c (line 54, column 2) warning KQ2417: unused function 'entity_destroy'
  }
   ^
  hint: The symbol is unused. Remove it or add a real use-site.
C:\kitaqgb_project\publish\github_20260912\kitaqfc\lib\entity.c (line 66, column 2) warning KQ2417: unused function 'entity_update_all'
  }
   ^
  hint: The symbol is unused. Remove it or add a real use-site.
C:\kitaqgb_project\publish\github_20260912\kitaqfc\lib\entity.c (line 71, column 2) warning KQ2417: unused function 'entity_draw_all'
  }
   ^
  hint: The symbol is unused. Remove it or add a real use-site.
<unknown> (line 1, column 1) warning KQ2421: __palette_bg_load performs direct PPU/VRAM work outside __nes_nmi(); prefer __vramq_* or wrap the write in a rendering-off section.
<unknown> (line 1, column 1) warning KQ2421: __nametable_rect performs direct PPU/VRAM work outside __nes_nmi(); prefer __vramq_* or wrap the write in a rendering-off section.
<unknown> (line 1, column 1) warning KQ2421: __ppu_ctrl_set performs direct PPU/VRAM work outside __nes_nmi(); prefer __vramq_* or wrap the write in a rendering-off section.
<unknown> (line 1, column 1) warning KQ2421: __ppu_mask_set performs direct PPU/VRAM work outside __nes_nmi(); prefer __vramq_* or wrap the write in a rendering-off section.
warning KQ0000: warning: cache save skipped: ファイル 'C:\kitaqgb_project\publish\github_20260912\kitaqfc\examples\out\fc_entity\program.map' が見つかりませんでした。
